// Jest Snapshot v1, https://goo.gl/fbAQLP

exports[`Card Component renders UI as expected 1`] = `
<div
  className="Card"
>
  <button
    type="button"
  >
    Delete
  </button>
  <h3>
    React
  </h3>
  <p>
    Something
  </p>
</div>
`;
